{
    "current_page": 1,
    "data": [
        {
            "id": 1,
            "value": "some_value",
            "created_at": "2020-12-03T15:08:17.000000Z",
            "updated_at": "2020-12-03T15:08:17.000000Z"
        }
    ],
    "first_page_url": "http:\/\/localhost\/test-models?page=1",
    "from": 1,
    "last_page": 1,
    "last_page_url": "http:\/\/localhost\/test-models?page=1",
    "links": [
        {
            "url": null,
            "label": "&laquo; Previous",
            "active": false
        },
        {
            "url": "http:\/\/localhost\/test-models?page=1",
            "label": 1,
            "active": true
        },
        {
            "url": null,
            "label": "Next &raquo;",
            "active": false
        }
    ],
    "next_page_url": null,
    "path": "http:\/\/localhost\/test-models",
    "per_page": 15,
    "prev_page_url": null,
    "to": 1,
    "total": 1
}
