{
    "value": "some_other_value",
    "updated_at": "2020-12-03T15:08:17.000000Z",
    "created_at": "2020-12-03T15:08:17.000000Z",
    "id": 1
}
