{
    "id": 1,
    "value": "some_other_value",
    "created_at": "2020-12-03T15:08:18.000000Z",
    "updated_at": "2020-12-03T15:08:18.000000Z"
}
